137
21
BCPressure.PatchNames
60
infiltration z_upper x_lower y_lower x_upper y_upper z_lower
20
ComputationalGrid.DX
18
36.666666666666664
20
ComputationalGrid.DY
4
10.0
20
ComputationalGrid.DZ
18
18.333333333333332
25
ComputationalGrid.Lower.X
3
0.0
25
ComputationalGrid.Lower.Y
3
0.0
25
ComputationalGrid.Lower.Z
3
0.0
20
ComputationalGrid.NX
2
12
20
ComputationalGrid.NY
2
12
20
ComputationalGrid.NZ
2
12
18
Contaminants.Names
0

11
Cycle.Names
14
constant onoff
20
Cycle.constant.Names
7
alltime
21
Cycle.constant.Repeat
2
-1
29
Cycle.constant.alltime.Length
1
1
17
Cycle.onoff.Names
6
on off
18
Cycle.onoff.Repeat
2
-1
22
Cycle.onoff.off.Length
2
90
21
Cycle.onoff.on.Length
2
10
15
Domain.GeomName
6
domain
11
FileVersion
1
4
15
Geom.Perm.Names
6
domain
28
Geom.Perm.TensorByGeom.Names
6
domain
23
Geom.Porosity.GeomNames
6
domain
26
Geom.Retardation.GeomNames
0

30
Geom.domain.ICPressure.RefGeom
6
domain
31
Geom.domain.ICPressure.RefPatch
7
z_lower
28
Geom.domain.ICPressure.Value
3
1.0
19
Geom.domain.Patches
60
infiltration z_upper x_lower y_lower x_upper y_upper z_lower
27
Geom.domain.Perm.TensorValX
3
1.0
27
Geom.domain.Perm.TensorValY
3
1.0
27
Geom.domain.Perm.TensorValZ
3
1.0
21
Geom.domain.Perm.Type
8
Constant
22
Geom.domain.Perm.Value
3
1.0
25
Geom.domain.Porosity.Type
8
Constant
26
Geom.domain.Porosity.Value
5
0.368
28
Geom.domain.Saturation.Alpha
4
3.34
24
Geom.domain.Saturation.N
5
1.982
27
Geom.domain.Saturation.SRes
6
0.2771
27
Geom.domain.Saturation.SSat
3
1.0
33
Geom.domain.SpecificStorage.Value
6
0.0001
28
Geom.indicator.RelPerm.Alpha
4
3.34
24
Geom.indicator.RelPerm.N
5
1.982
29
Geom.indicator_input.FileName
32
small_domain_indicator_field.pfb
36
Geom.infiltration.ICPressure.RefGeom
6
domain
37
Geom.infiltration.ICPressure.RefPatch
12
infiltration
34
Geom.infiltration.ICPressure.Value
4
10.0
15
GeomInput.Names
27
solid_input indicator_input
25
GeomInput.indicator.Value
1
1
35
GeomInput.indicator_input.GeomNames
9
indicator
35
GeomInput.indicator_input.InputType
14
IndicatorField
30
GeomInput.solid_input.FileName
18
small_domain.pfsol
31
GeomInput.solid_input.GeomNames
6
domain
31
GeomInput.solid_input.InputType
9
SolidFile
7
Gravity
3
1.0
20
ICPressure.GeomNames
6
domain
15
ICPressure.Type
16
HydroStaticPatch
13
KnownSolution
15
NoKnownSolution
26
Mannings.Geom.domain.Value
3
0.0
18
Mannings.GeomNames
0

13
Mannings.Type
8
Constant
35
Patch.infiltration.BCPressure.Cycle
8
constant
34
Patch.infiltration.BCPressure.Type
9
FluxConst
43
Patch.infiltration.BCPressure.alltime.Value
4
-0.1
39
Patch.infiltration.BCPressure.off.Value
3
0.0
30
Patch.x_lower.BCPressure.Cycle
8
constant
29
Patch.x_lower.BCPressure.Type
9
FluxConst
38
Patch.x_lower.BCPressure.alltime.Value
3
0.0
30
Patch.x_upper.BCPressure.Cycle
8
constant
29
Patch.x_upper.BCPressure.Type
9
FluxConst
38
Patch.x_upper.BCPressure.alltime.Value
3
0.0
30
Patch.y_lower.BCPressure.Cycle
8
constant
29
Patch.y_lower.BCPressure.Type
9
FluxConst
38
Patch.y_lower.BCPressure.alltime.Value
3
0.0
30
Patch.y_upper.BCPressure.Cycle
8
constant
29
Patch.y_upper.BCPressure.Type
9
FluxConst
38
Patch.y_upper.BCPressure.alltime.Value
3
0.0
30
Patch.z_lower.BCPressure.Cycle
8
constant
29
Patch.z_lower.BCPressure.Type
9
FluxConst
38
Patch.z_lower.BCPressure.alltime.Value
3
0.0
30
Patch.z_upper.BCPressure.Cycle
8
constant
29
Patch.z_upper.BCPressure.Type
9
FluxConst
38
Patch.z_upper.BCPressure.alltime.Value
3
0.0
15
Perm.TensorType
12
TensorByGeom
11
Phase.Names
5
water
23
Phase.RelPerm.GeomNames
9
indicator
18
Phase.RelPerm.Type
12
VanGenuchten
26
Phase.Saturation.GeomNames
6
domain
21
Phase.Saturation.Type
12
VanGenuchten
24
Phase.water.Density.Type
8
Constant
25
Phase.water.Density.Value
3
1.0
26
Phase.water.Viscosity.Type
8
Constant
27
Phase.water.Viscosity.Value
3
1.0
36
PhaseSources.water.Geom.domain.Value
3
0.0
28
PhaseSources.water.GeomNames
6
domain
23
PhaseSources.water.Type
8
Constant
18
Process.Topology.P
1
1
18
Process.Topology.Q
1
1
18
Process.Topology.R
1
1
6
Solver
8
Richards
29
Solver.Linear.KrylovDimension
2
25
25
Solver.Linear.MaxRestarts
1
2
28
Solver.Linear.Preconditioner
6
MGSemi
43
Solver.Linear.Preconditioner.MGSemi.MaxIter
1
1
45
Solver.Linear.Preconditioner.MGSemi.MaxLevels
3
100
14
Solver.MaxIter
1
1
34
Solver.Nonlinear.DerivativeEpsilon
5
1e-07
25
Solver.Nonlinear.EtaValue
5
1e-05
24
Solver.Nonlinear.MaxIter
2
15
28
Solver.Nonlinear.ResidualTol
5
1e-09
24
Solver.Nonlinear.StepTol
5
1e-09
28
Solver.Nonlinear.UseJacobian
4
True
25
Solver.PrintConcentration
5
False
20
Solver.PrintPressure
5
False
22
Solver.PrintSaturation
5
False
23
Solver.PrintSubsurfData
5
False
29
Solver.WriteSiloConcentration
4
True
24
Solver.WriteSiloPressure
4
True
26
Solver.WriteSiloSaturation
4
True
27
Solver.WriteSiloSubsurfData
4
True
25
SpecificStorage.GeomNames
6
domain
20
SpecificStorage.Type
8
Constant
13
TimeStep.Type
8
Constant
14
TimeStep.Value
4
10.0
19
TimingInfo.BaseUnit
3
1.0
20
TimingInfo.DumpAtEnd
4
True
23
TimingInfo.DumpInterval
1
0
21
TimingInfo.StartCount
1
0
20
TimingInfo.StartTime
3
0.0
19
TimingInfo.StopTime
4
30.0
29
TopoSlopesX.Geom.domain.Value
3
0.0
21
TopoSlopesX.GeomNames
0

16
TopoSlopesX.Type
8
Constant
29
TopoSlopesY.Geom.domain.Value
3
0.0
21
TopoSlopesY.GeomNames
0

16
TopoSlopesY.Type
8
Constant
11
Wells.Names
0

